
     Program MATDYN v.7.5 starts on  4Sep2026 at 18:56:47 

     This program is part of the open-source Quantum ESPRESSO suite
     for quantum simulation of materials; please cite
         "P. Giannozzi et al., J. Phys.:Condens. Matter 21 395502 (2009);
         "P. Giannozzi et al., J. Phys.:Condens. Matter 29 465901 (2017);
         "P. Giannozzi et al., J. Chem. Phys. 152 154105 (2020);
          URL http://www.quantum-espresso.org", 
     in publications or presentations arising from this work. More details at
     http://www.quantum-espresso.org/quote

     Parallel version (MPI), running on    64 processors

     MPI processes distributed on     1 nodes
     R & G space division:  proc/nbgrp/npool/nimage =      64
     182787 MiB available memory on the printing compute node when the environment starts
 
 mass for atomic type   1 not given; uses mass from file pb.fc                                                                                                                                                                                                                                                           
     Message from routine matdyn:
     Z* not found in file pb.fc, TO-LO splitting at q=0 will be absent!
     Message from routine matdyn:
     Z* not found in file pb.fc, TO-LO splitting at q=0 will be absent!
 
     MATDYN       :      0.01s CPU      0.09s WALL

 
   This run was terminated on:  18:56:47   4Sep2026            

=------------------------------------------------------------------------------=
   JOB DONE.
=------------------------------------------------------------------------------=
