
     Program PHONON v.7.5 starts on  4Sep2026 at 18:55:29 

     This program is part of the open-source Quantum ESPRESSO suite
     for quantum simulation of materials; please cite
         "P. Giannozzi et al., J. Phys.:Condens. Matter 21 395502 (2009);
         "P. Giannozzi et al., J. Phys.:Condens. Matter 29 465901 (2017);
         "P. Giannozzi et al., J. Chem. Phys. 152 154105 (2020);
          URL http://www.quantum-espresso.org", 
     in publications or presentations arising from this work. More details at
     http://www.quantum-espresso.org/quote

     Parallel version (MPI), running on    64 processors

     MPI processes distributed on     1 nodes
     183121 MiB available memory on the printing compute node when the environment starts
 
     Reading input from 2ph.in
      Title line not specified: using 'default'.

     Reading xml data from directory:

     ./tmp/pb.save/
 
     K-points division:     npool     =       8
     R & G space division:  proc/nbgrp/npool/nimage =       8
     Subspace diagonalization in iterative solution of the eigenvalue problem:
     a serial algorithm will be used


     IMPORTANT: XC functional enforced from input :
     Exchange-correlation= PBE
                           (   1   4   3   4   0   0   0)
     Any further DFT definition will be discarded
     Please, verify this is what you really want

 
     Parallelization info
     --------------------
     sticks:   dense  smooth     PW     G-vecs:    dense   smooth      PW
     Min          45      45     15                  558      558     108
     Max          46      46     16                  560      560     110
     Sum         361     361    121                 4477     4477     869
 
     Using Slab Decomposition
 
     Reading collected, re-writing distributed wavefunctions in ./tmp/


     Dynamical matrices for ( 3, 3, 3)  uniform grid of q-points
     (   4 q-points):
       N         xq(1)         xq(2)         xq(3) 
       1   0.000000000   0.000000000   0.000000000
       2  -0.333333333   0.333333333  -0.333333333
       3   0.000000000   0.666666667   0.000000000
       4   0.666666667  -0.000000000   0.666666667

     Number and degeneracy of irreps per q-point
       N         xq(1)         xq(2)         xq(3)   N irreps
       1   0.000000000   0.000000000   0.000000000       1
        3
       2  -0.333333333   0.333333333  -0.333333333       2
        1   2
       3   0.000000000   0.666666667   0.000000000       2
        1   2
       4   0.666666667  -0.000000000   0.666666667       3
     No degeneracy

     Saving dvscf to file. Distribute only q points, not irreducible representations.

     Calculation of q =    0.0000000   0.0000000   0.0000000

     default                                                                    

     bravais-lattice index     =            2
     lattice parameter (alat)  =       9.2970  a.u.
     unit-cell volume          =     200.8947 (a.u.)^3
     number of atoms/cell      =            1
     number of atomic types    =            1
     kinetic-energy cut-off    =      30.0000  Ry
     charge density cut-off    =     120.0000  Ry
     convergence threshold     =      1.0E-14
     beta                      =       0.7000
     number of iterations used =            4
     Exchange-correlation= PBE
                           (   1   4   3   4   0   0   0)


     celldm(1)=    9.29700  celldm(2)=    0.00000  celldm(3)=    0.00000
     celldm(4)=    0.00000  celldm(5)=    0.00000  celldm(6)=    0.00000

     crystal axes: (cart. coord. in units of alat)
               a(1) = ( -0.5000  0.0000  0.5000 )  
               a(2) = (  0.0000  0.5000  0.5000 )  
               a(3) = ( -0.5000  0.5000  0.0000 )  

     reciprocal axes: (cart. coord. in units 2 pi/alat)
               b(1) = ( -1.0000 -1.0000  1.0000 )  
               b(2) = (  1.0000  1.0000  1.0000 )  
               b(3) = ( -1.0000  1.0000 -1.0000 )  


     Atoms inside the unit cell: 

     Cartesian axes

     site n.  atom      mass           positions (alat units)
        1  Pb    207.2000   tau(    1) = (    0.00000    0.00000    0.00000  )

     Computing dynamical matrix for 
                    q = (   0.0000000   0.0000000   0.0000000 )
 
     49 Sym.Ops. (with q -> -q+G )


     G cutoff =  262.7285  (    560 G-vectors)     FFT grid: ( 24, 24, 24)

     number of k points=    29  Marzari-Vanderbilt smearing, width (Ry)=  0.0500

     PseudoPot. # 1 for Pb read from file:
     ~/Pb/pseudo/Pb.upf
     MD5 check sum: Not computed, couldn't open file
     Pseudo is Norm-conserving + core correction, Zval = 14.0
     Generated using ONCVPSP code by D. R. Hamann
     Using radial grid of 1678 points,  6 beta functions with: 
                l(1) =   0
                l(2) =   0
                l(3) =   1
                l(4) =   1
                l(5) =   2
                l(6) =   2

     Mode symmetry, O_h (m-3m)  point group:


     Atomic displacements:
     There are    1 irreducible representations

     Representation     1      3 modes -  To be done



     Alpha used in Ewald sum =   1.2000
     PHONON       :      0.85s CPU      2.25s WALL



     Representation #   1 modes #   1   2   3

     Self-consistent Calculation
 
     Pert. #  1: Fermi energy shift (Ry) =     3.2743E-25     0.0000E+00
     Pert. #  2: Fermi energy shift (Ry) =     4.3082E-27    -3.0093E-36
     Pert. #  3: Fermi energy shift (Ry) =     2.2403E-25     1.0031E-36

      iter #   1 total cpu time :     2.6 secs   av.it.:   8.1
      thresh= 1.000E-02 alpha_mix =  0.700 |ddv_scf|^2 =  1.082E-05
 
     Pert. #  1: Fermi energy shift (Ry) =     4.1359E-25    -3.1347E-38
     Pert. #  2: Fermi energy shift (Ry) =    -4.1359E-25    -2.9779E-37
     Pert. #  3: Fermi energy shift (Ry) =    -6.5485E-25     0.0000E+00

      iter #   2 total cpu time :     3.7 secs   av.it.:  11.9
      thresh= 3.290E-04 alpha_mix =  0.700 |ddv_scf|^2 =  3.275E-06
 
     Pert. #  1: Fermi energy shift (Ry) =     1.4476E-24     3.1347E-38
     Pert. #  2: Fermi energy shift (Ry) =    -2.0680E-25    -3.9183E-37
     Pert. #  3: Fermi energy shift (Ry) =     6.4796E-24    -7.8366E-38

      iter #   3 total cpu time :     6.3 secs   av.it.:  11.5
      thresh= 1.810E-04 alpha_mix =  0.700 |ddv_scf|^2 =  8.688E-09
 
     Pert. #  1: Fermi energy shift (Ry) =    -1.8364E-25     1.4694E-39
     Pert. #  2: Fermi energy shift (Ry) =     4.4590E-25    -2.6938E-39
     Pert. #  3: Fermi energy shift (Ry) =    -4.7768E-25    -9.7958E-40

      iter #   4 total cpu time :     7.1 secs   av.it.:  11.5
      thresh= 9.321E-06 alpha_mix =  0.700 |ddv_scf|^2 =  5.523E-11
 
     Pert. #  1: Fermi energy shift (Ry) =    -7.0655E-25     2.4489E-40
     Pert. #  2: Fermi energy shift (Ry) =     2.1972E-25    -2.1428E-40
     Pert. #  3: Fermi energy shift (Ry) =    -1.1201E-25    -3.0612E-41

      iter #   5 total cpu time :     7.7 secs   av.it.:  10.7
      thresh= 7.431E-07 alpha_mix =  0.700 |ddv_scf|^2 =  4.323E-13
 
     Pert. #  1: Fermi energy shift (Ry) =    -9.9951E-25     3.0612E-41
     Pert. #  2: Fermi energy shift (Ry) =    -4.6529E-25    -4.4387E-40
     Pert. #  3: Fermi energy shift (Ry) =    -1.4648E-25    -4.5918E-41

      iter #   6 total cpu time :     8.4 secs   av.it.:  10.8
      thresh= 6.575E-08 alpha_mix =  0.700 |ddv_scf|^2 =  1.561E-14
 
     Pert. #  1: Fermi energy shift (Ry) =    -5.8592E-25    -3.0612E-41
     Pert. #  2: Fermi energy shift (Ry) =    -2.5419E-25     3.0612E-41
     Pert. #  3: Fermi energy shift (Ry) =     3.4466E-25    -1.6837E-40

      iter #   7 total cpu time :     9.2 secs   av.it.:  10.4
      thresh= 1.249E-08 alpha_mix =  0.700 |ddv_scf|^2 =  5.640E-17

     End of self-consistent calculation

     Convergence has been achieved 
 
     Number of q in the star =    1
     List of q in the star:
          1   0.000000000   0.000000000   0.000000000

     Diagonalizing the dynamical matrix

     q = (    0.000000000   0.000000000   0.000000000 ) 

 **************************************************************************
     freq (    1) =      -0.145404 [THz] =      -4.850170 [cm-1]
     freq (    2) =      -0.145404 [THz] =      -4.850170 [cm-1]
     freq (    3) =      -0.145404 [THz] =      -4.850170 [cm-1]
 **************************************************************************

     Mode symmetry, O_h (m-3m)  point group:

     freq (   1-   3) =         -4.9  [cm-1]   --> T_1u G_15  G_4- I  

     Calculation of q =   -0.3333333   0.3333333  -0.3333333
 
     Parallelization info
     --------------------
     sticks:   dense  smooth     PW     G-vecs:    dense   smooth      PW
     Min          45      45     15                  558      558     120
     Max          46      46     16                  560      560     123
     Sum         361     361    127                 4477     4477     965
 
     Using Slab Decomposition
 

     Title: 
     default                                                                    


     bravais-lattice index     =            2
     lattice parameter (alat)  =       9.2970  a.u.
     unit-cell volume          =     200.8947 (a.u.)^3
     number of atoms/cell      =            1
     number of atomic types    =            1
     number of electrons       =        14.00
     number of Kohn-Sham states=           11
     kinetic-energy cutoff     =      30.0000  Ry
     charge density cutoff     =     120.0000  Ry
     Exchange-correlation= PBE
                           (   1   4   3   4   0   0   0)

     celldm(1)=   9.297000  celldm(2)=   0.000000  celldm(3)=   0.000000
     celldm(4)=   0.000000  celldm(5)=   0.000000  celldm(6)=   0.000000

     crystal axes: (cart. coord. in units of alat)
               a(1) = (  -0.500000   0.000000   0.500000 )  
               a(2) = (   0.000000   0.500000   0.500000 )  
               a(3) = (  -0.500000   0.500000   0.000000 )  

     reciprocal axes: (cart. coord. in units 2 pi/alat)
               b(1) = ( -1.000000 -1.000000  1.000000 )  
               b(2) = (  1.000000  1.000000  1.000000 )  
               b(3) = ( -1.000000  1.000000 -1.000000 )  


     PseudoPot. # 1 for Pb read from file:
     ~/Pb/pseudo/Pb.upf
     MD5 check sum: Not computed, couldn't open file
     Pseudo is Norm-conserving + core correction, Zval = 14.0
     Generated using ONCVPSP code by D. R. Hamann
     Using radial grid of 1678 points,  6 beta functions with: 
                l(1) =   0
                l(2) =   0
                l(3) =   1
                l(4) =   1
                l(5) =   2
                l(6) =   2

     atomic species   valence    mass     pseudopotential
     Pb               14.00   207.20000     Pb( 1.00)

     48 Sym. Ops., with inversion, found



   Cartesian axes

     site n.     atom                  positions (alat units)
         1        Pb     tau(   1) = (   0.0000000   0.0000000   0.0000000  )

     number of k points=   240  Marzari-Vanderbilt smearing, width (Ry)=  0.0500

     Number of k-points >= 100: set verbosity='high' to print them.

     Dense  grid:     4477 G-vectors     FFT dimensions: (  24,  24,  24)

     Estimated max dynamical RAM per process >       1.32 MB

     Estimated total dynamical RAM >      84.49 MB

     The potential is recalculated from file :
     ./tmp/_ph0/pb.q_2/pb.save/charge-density

     Starting wfcs are    9 atomic +    2 random wfcs

     Band Structure Calculation
     Davidson diagonalization with overlap

     ethr =  7.14E-11,  avg # of iterations = 16.4

     total cpu time spent up to now is        1.7 secs

     End of band structure calculation

     Number of k-points >= 100: set verbosity='high' to print the bands.

     the Fermi energy is    11.7835 ev

     Writing config to output data dir ./tmp/_ph0/pb.q_2/pb.save/ :
     XML data file

     default                                                                    

     bravais-lattice index     =            2
     lattice parameter (alat)  =       9.2970  a.u.
     unit-cell volume          =     200.8947 (a.u.)^3
     number of atoms/cell      =            1
     number of atomic types    =            1
     kinetic-energy cut-off    =      30.0000  Ry
     charge density cut-off    =     120.0000  Ry
     convergence threshold     =      1.0E-14
     beta                      =       0.7000
     number of iterations used =            4
     Exchange-correlation= PBE
                           (   1   4   3   4   0   0   0)


     celldm(1)=    9.29700  celldm(2)=    0.00000  celldm(3)=    0.00000
     celldm(4)=    0.00000  celldm(5)=    0.00000  celldm(6)=    0.00000

     crystal axes: (cart. coord. in units of alat)
               a(1) = ( -0.5000  0.0000  0.5000 )  
               a(2) = (  0.0000  0.5000  0.5000 )  
               a(3) = ( -0.5000  0.5000  0.0000 )  

     reciprocal axes: (cart. coord. in units 2 pi/alat)
               b(1) = ( -1.0000 -1.0000  1.0000 )  
               b(2) = (  1.0000  1.0000  1.0000 )  
               b(3) = ( -1.0000  1.0000 -1.0000 )  


     Atoms inside the unit cell: 

     Cartesian axes

     site n.  atom      mass           positions (alat units)
        1  Pb    207.2000   tau(    1) = (    0.00000    0.00000    0.00000  )

     Computing dynamical matrix for 
                    q = (  -0.3333333   0.3333333  -0.3333333 )
 
      6 Sym.Ops. (no q -> -q+G )


     G cutoff =  262.7285  (    560 G-vectors)     FFT grid: ( 24, 24, 24)

     number of k points=   240  Marzari-Vanderbilt smearing, width (Ry)=  0.0500

     PseudoPot. # 1 for Pb read from file:
     ~/Pb/pseudo/Pb.upf
     MD5 check sum: Not computed, couldn't open file
     Pseudo is Norm-conserving + core correction, Zval = 14.0
     Generated using ONCVPSP code by D. R. Hamann
     Using radial grid of 1678 points,  6 beta functions with: 
                l(1) =   0
                l(2) =   0
                l(3) =   1
                l(4) =   1
                l(5) =   2
                l(6) =   2

     Mode symmetry, C_3v (3m)   point group:


     Atomic displacements:
     There are    2 irreducible representations

     Representation     1      1 modes -  To be done

     Representation     2      2 modes -  To be done


     Message from routine init_vloc:
     Interpolation table for Vloc re-allocated

     Alpha used in Ewald sum =   1.2000
     PHONON       :      7.88s CPU     13.47s WALL



     Representation #   1 mode #   1

     Self-consistent Calculation

      iter #   1 total cpu time :    14.0 secs   av.it.:   8.9
      thresh= 1.000E-02 alpha_mix =  0.700 |ddv_scf|^2 =  1.458E-02

      iter #   2 total cpu time :    14.8 secs   av.it.:   9.9
      thresh= 1.000E-02 alpha_mix =  0.700 |ddv_scf|^2 =  2.143E-01

      iter #   3 total cpu time :    15.6 secs   av.it.:   9.3
      thresh= 1.000E-02 alpha_mix =  0.700 |ddv_scf|^2 =  8.067E-05

      iter #   4 total cpu time :    16.5 secs   av.it.:   9.9
      thresh= 8.982E-04 alpha_mix =  0.700 |ddv_scf|^2 =  6.943E-07

      iter #   5 total cpu time :    17.2 secs   av.it.:   9.9
      thresh= 8.333E-05 alpha_mix =  0.700 |ddv_scf|^2 =  1.062E-08

      iter #   6 total cpu time :    17.8 secs   av.it.:   9.1
      thresh= 1.031E-05 alpha_mix =  0.700 |ddv_scf|^2 =  4.451E-10

      iter #   7 total cpu time :    18.5 secs   av.it.:   9.5
      thresh= 2.110E-06 alpha_mix =  0.700 |ddv_scf|^2 =  1.203E-09

      iter #   8 total cpu time :    19.1 secs   av.it.:   7.9
      thresh= 3.468E-06 alpha_mix =  0.700 |ddv_scf|^2 =  1.424E-11

      iter #   9 total cpu time :    19.6 secs   av.it.:   9.7
      thresh= 3.774E-07 alpha_mix =  0.700 |ddv_scf|^2 =  3.593E-12

      iter #  10 total cpu time :    20.2 secs   av.it.:   8.2
      thresh= 1.895E-07 alpha_mix =  0.700 |ddv_scf|^2 =  6.530E-14

      iter #  11 total cpu time :    21.2 secs   av.it.:  10.2
      thresh= 2.555E-08 alpha_mix =  0.700 |ddv_scf|^2 =  1.067E-14

      iter #  12 total cpu time :    21.7 secs   av.it.:   9.4
      thresh= 1.033E-08 alpha_mix =  0.700 |ddv_scf|^2 =  2.067E-16

     End of self-consistent calculation

     Convergence has been achieved 


     Representation #   2 modes #   2   3

     Self-consistent Calculation

      iter #   1 total cpu time :    22.6 secs   av.it.:   8.2
      thresh= 1.000E-02 alpha_mix =  0.700 |ddv_scf|^2 =  2.821E-05

      iter #   2 total cpu time :    23.6 secs   av.it.:  11.5
      thresh= 5.311E-04 alpha_mix =  0.700 |ddv_scf|^2 =  9.343E-06

      iter #   3 total cpu time :    24.7 secs   av.it.:  11.0
      thresh= 3.057E-04 alpha_mix =  0.700 |ddv_scf|^2 =  2.071E-08

      iter #   4 total cpu time :    25.3 secs   av.it.:  11.1
      thresh= 1.439E-05 alpha_mix =  0.700 |ddv_scf|^2 =  1.829E-10

      iter #   5 total cpu time :    26.3 secs   av.it.:  10.4
      thresh= 1.352E-06 alpha_mix =  0.700 |ddv_scf|^2 =  1.768E-12

      iter #   6 total cpu time :    26.9 secs   av.it.:  10.8
      thresh= 1.330E-07 alpha_mix =  0.700 |ddv_scf|^2 =  4.865E-14

      iter #   7 total cpu time :    27.7 secs   av.it.:  10.8
      thresh= 2.206E-08 alpha_mix =  0.700 |ddv_scf|^2 =  3.995E-16

     End of self-consistent calculation

     Convergence has been achieved 
 
     Number of q in the star =    8
     List of q in the star:
          1  -0.333333333   0.333333333  -0.333333333
          2   0.333333333   0.333333333  -0.333333333
          3   0.333333333   0.333333333   0.333333333
          4  -0.333333333   0.333333333   0.333333333
          5   0.333333333  -0.333333333   0.333333333
          6  -0.333333333  -0.333333333  -0.333333333
          7   0.333333333  -0.333333333  -0.333333333
          8  -0.333333333  -0.333333333   0.333333333

     Diagonalizing the dynamical matrix

     q = (   -0.333333333   0.333333333  -0.333333333 ) 

 **************************************************************************
     freq (    1) =       1.838717 [THz] =      61.332982 [cm-1]
     freq (    2) =       1.838717 [THz] =      61.332982 [cm-1]
     freq (    3) =       2.766479 [THz] =      92.279791 [cm-1]
 **************************************************************************

     Mode symmetry, C_3v (3m)   point group:

     freq (   1-   2) =         61.3  [cm-1]   --> E    L_3           
     freq (   3-   3) =         92.3  [cm-1]   --> A_1  L_1           

     Calculation of q =    0.0000000   0.6666667   0.0000000
 
     Parallelization info
     --------------------
     sticks:   dense  smooth     PW     G-vecs:    dense   smooth      PW
     Min          45      45     15                  558      558     120
     Max          46      46     16                  560      560     123
     Sum         361     361    127                 4477     4477     965
 
     Using Slab Decomposition
 

     Title: 
     default                                                                    


     bravais-lattice index     =            2
     lattice parameter (alat)  =       9.2970  a.u.
     unit-cell volume          =     200.8947 (a.u.)^3
     number of atoms/cell      =            1
     number of atomic types    =            1
     number of electrons       =        14.00
     number of Kohn-Sham states=           11
     kinetic-energy cutoff     =      30.0000  Ry
     charge density cutoff     =     120.0000  Ry
     Exchange-correlation= PBE
                           (   1   4   3   4   0   0   0)

     celldm(1)=   9.297000  celldm(2)=   0.000000  celldm(3)=   0.000000
     celldm(4)=   0.000000  celldm(5)=   0.000000  celldm(6)=   0.000000

     crystal axes: (cart. coord. in units of alat)
               a(1) = (  -0.500000   0.000000   0.500000 )  
               a(2) = (   0.000000   0.500000   0.500000 )  
               a(3) = (  -0.500000   0.500000   0.000000 )  

     reciprocal axes: (cart. coord. in units 2 pi/alat)
               b(1) = ( -1.000000 -1.000000  1.000000 )  
               b(2) = (  1.000000  1.000000  1.000000 )  
               b(3) = ( -1.000000  1.000000 -1.000000 )  


     PseudoPot. # 1 for Pb read from file:
     ~/Pb/pseudo/Pb.upf
     MD5 check sum: Not computed, couldn't open file
     Pseudo is Norm-conserving + core correction, Zval = 14.0
     Generated using ONCVPSP code by D. R. Hamann
     Using radial grid of 1678 points,  6 beta functions with: 
                l(1) =   0
                l(2) =   0
                l(3) =   1
                l(4) =   1
                l(5) =   2
                l(6) =   2

     atomic species   valence    mass     pseudopotential
     Pb               14.00   207.20000     Pb( 1.00)

     48 Sym. Ops., with inversion, found



   Cartesian axes

     site n.     atom                  positions (alat units)
         1        Pb     tau(   1) = (   0.0000000   0.0000000   0.0000000  )

     number of k points=   200  Marzari-Vanderbilt smearing, width (Ry)=  0.0500

     Number of k-points >= 100: set verbosity='high' to print them.

     Dense  grid:     4477 G-vectors     FFT dimensions: (  24,  24,  24)

     Estimated max dynamical RAM per process >       1.32 MB

     Estimated total dynamical RAM >      84.80 MB

     The potential is recalculated from file :
     ./tmp/_ph0/pb.q_3/pb.save/charge-density

     Starting wfcs are    9 atomic +    2 random wfcs

     Band Structure Calculation
     Davidson diagonalization with overlap

     ethr =  7.14E-11,  avg # of iterations = 16.0

     total cpu time spent up to now is        4.1 secs

     End of band structure calculation

     Number of k-points >= 100: set verbosity='high' to print the bands.

     the Fermi energy is    11.7835 ev

     Writing config to output data dir ./tmp/_ph0/pb.q_3/pb.save/ :
     XML data file

     default                                                                    

     bravais-lattice index     =            2
     lattice parameter (alat)  =       9.2970  a.u.
     unit-cell volume          =     200.8947 (a.u.)^3
     number of atoms/cell      =            1
     number of atomic types    =            1
     kinetic-energy cut-off    =      30.0000  Ry
     charge density cut-off    =     120.0000  Ry
     convergence threshold     =      1.0E-14
     beta                      =       0.7000
     number of iterations used =            4
     Exchange-correlation= PBE
                           (   1   4   3   4   0   0   0)


     celldm(1)=    9.29700  celldm(2)=    0.00000  celldm(3)=    0.00000
     celldm(4)=    0.00000  celldm(5)=    0.00000  celldm(6)=    0.00000

     crystal axes: (cart. coord. in units of alat)
               a(1) = ( -0.5000  0.0000  0.5000 )  
               a(2) = (  0.0000  0.5000  0.5000 )  
               a(3) = ( -0.5000  0.5000  0.0000 )  

     reciprocal axes: (cart. coord. in units 2 pi/alat)
               b(1) = ( -1.0000 -1.0000  1.0000 )  
               b(2) = (  1.0000  1.0000  1.0000 )  
               b(3) = ( -1.0000  1.0000 -1.0000 )  


     Atoms inside the unit cell: 

     Cartesian axes

     site n.  atom      mass           positions (alat units)
        1  Pb    207.2000   tau(    1) = (    0.00000    0.00000    0.00000  )

     Computing dynamical matrix for 
                    q = (   0.0000000   0.6666667   0.0000000 )
 
      8 Sym.Ops. (no q -> -q+G )


     G cutoff =  262.7285  (    560 G-vectors)     FFT grid: ( 24, 24, 24)

     number of k points=   200  Marzari-Vanderbilt smearing, width (Ry)=  0.0500

     PseudoPot. # 1 for Pb read from file:
     ~/Pb/pseudo/Pb.upf
     MD5 check sum: Not computed, couldn't open file
     Pseudo is Norm-conserving + core correction, Zval = 14.0
     Generated using ONCVPSP code by D. R. Hamann
     Using radial grid of 1678 points,  6 beta functions with: 
                l(1) =   0
                l(2) =   0
                l(3) =   1
                l(4) =   1
                l(5) =   2
                l(6) =   2

     Mode symmetry, C_4v (4mm)  point group:


     Atomic displacements:
     There are    2 irreducible representations

     Representation     1      1 modes -  To be done

     Representation     2      2 modes -  To be done



     Alpha used in Ewald sum =   1.2000
     PHONON       :     20.28s CPU     32.50s WALL



     Representation #   1 mode #   1

     Self-consistent Calculation

      iter #   1 total cpu time :    32.8 secs   av.it.:   8.6
      thresh= 1.000E-02 alpha_mix =  0.700 |ddv_scf|^2 =  6.722E-03

      iter #   2 total cpu time :    33.4 secs   av.it.:   9.6
      thresh= 8.199E-03 alpha_mix =  0.700 |ddv_scf|^2 =  5.774E-02

      iter #   3 total cpu time :    34.1 secs   av.it.:   8.8
      thresh= 1.000E-02 alpha_mix =  0.700 |ddv_scf|^2 =  2.267E-05

      iter #   4 total cpu time :    34.9 secs   av.it.:  10.1
      thresh= 4.761E-04 alpha_mix =  0.700 |ddv_scf|^2 =  1.723E-07

      iter #   5 total cpu time :    35.5 secs   av.it.:   9.9
      thresh= 4.151E-05 alpha_mix =  0.700 |ddv_scf|^2 =  5.073E-09

      iter #   6 total cpu time :    35.8 secs   av.it.:   9.1
      thresh= 7.122E-06 alpha_mix =  0.700 |ddv_scf|^2 =  4.716E-10

      iter #   7 total cpu time :    36.2 secs   av.it.:   9.3
      thresh= 2.172E-06 alpha_mix =  0.700 |ddv_scf|^2 =  3.139E-12

      iter #   8 total cpu time :    36.5 secs   av.it.:  10.1
      thresh= 1.772E-07 alpha_mix =  0.700 |ddv_scf|^2 =  7.488E-13

      iter #   9 total cpu time :    36.8 secs   av.it.:   9.1
      thresh= 8.653E-08 alpha_mix =  0.700 |ddv_scf|^2 =  1.263E-14

      iter #  10 total cpu time :    37.2 secs   av.it.:   9.5
      thresh= 1.124E-08 alpha_mix =  0.700 |ddv_scf|^2 =  1.229E-14

      iter #  11 total cpu time :    37.6 secs   av.it.:   8.0
      thresh= 1.109E-08 alpha_mix =  0.700 |ddv_scf|^2 =  6.094E-16

     End of self-consistent calculation

     Convergence has been achieved 


     Representation #   2 modes #   2   3

     Self-consistent Calculation

      iter #   1 total cpu time :    38.4 secs   av.it.:   8.3
      thresh= 1.000E-02 alpha_mix =  0.700 |ddv_scf|^2 =  4.233E-05

      iter #   2 total cpu time :    39.1 secs   av.it.:  11.5
      thresh= 6.506E-04 alpha_mix =  0.700 |ddv_scf|^2 =  1.806E-05

      iter #   3 total cpu time :    39.8 secs   av.it.:  10.8
      thresh= 4.249E-04 alpha_mix =  0.700 |ddv_scf|^2 =  2.241E-08

      iter #   4 total cpu time :    40.7 secs   av.it.:  11.2
      thresh= 1.497E-05 alpha_mix =  0.700 |ddv_scf|^2 =  5.146E-10

      iter #   5 total cpu time :    42.2 secs   av.it.:  10.7
      thresh= 2.268E-06 alpha_mix =  0.700 |ddv_scf|^2 =  3.747E-12

      iter #   6 total cpu time :    43.2 secs   av.it.:  10.9
      thresh= 1.936E-07 alpha_mix =  0.700 |ddv_scf|^2 =  7.313E-14

      iter #   7 total cpu time :    44.1 secs   av.it.:  10.8
      thresh= 2.704E-08 alpha_mix =  0.700 |ddv_scf|^2 =  1.403E-15

     End of self-consistent calculation

     Convergence has been achieved 
 
     Number of q in the star =    6
     List of q in the star:
          1   0.000000000   0.666666667   0.000000000
          2  -0.666666667   0.000000000   0.000000000
          3   0.000000000  -0.666666667   0.000000000
          4   0.000000000   0.000000000   0.666666667
          5   0.000000000   0.000000000  -0.666666667
          6   0.666666667   0.000000000   0.000000000

     Diagonalizing the dynamical matrix

     q = (    0.000000000   0.666666667   0.000000000 ) 

 **************************************************************************
     freq (    1) =       2.109852 [THz] =      70.377092 [cm-1]
     freq (    2) =       2.109852 [THz] =      70.377092 [cm-1]
     freq (    3) =       2.600498 [THz] =      86.743260 [cm-1]
 **************************************************************************

     Mode symmetry, C_4v (4mm)  point group:

     freq (   1-   2) =         70.4  [cm-1]   --> E    G_5 D_5       
     freq (   3-   3) =         86.7  [cm-1]   --> A_1  G_1 D_1       

     Calculation of q =    0.6666667  -0.0000000   0.6666667
 
     Parallelization info
     --------------------
     sticks:   dense  smooth     PW     G-vecs:    dense   smooth      PW
     Min          45      45     18                  558      558     142
     Max          46      46     20                  560      560     143
     Sum         361     361    151                 4477     4477    1139
 
     Using Slab Decomposition
 

     Title: 
     default                                                                    


     bravais-lattice index     =            2
     lattice parameter (alat)  =       9.2970  a.u.
     unit-cell volume          =     200.8947 (a.u.)^3
     number of atoms/cell      =            1
     number of atomic types    =            1
     number of electrons       =        14.00
     number of Kohn-Sham states=           11
     kinetic-energy cutoff     =      30.0000  Ry
     charge density cutoff     =     120.0000  Ry
     Exchange-correlation= PBE
                           (   1   4   3   4   0   0   0)

     celldm(1)=   9.297000  celldm(2)=   0.000000  celldm(3)=   0.000000
     celldm(4)=   0.000000  celldm(5)=   0.000000  celldm(6)=   0.000000

     crystal axes: (cart. coord. in units of alat)
               a(1) = (  -0.500000   0.000000   0.500000 )  
               a(2) = (   0.000000   0.500000   0.500000 )  
               a(3) = (  -0.500000   0.500000   0.000000 )  

     reciprocal axes: (cart. coord. in units 2 pi/alat)
               b(1) = ( -1.000000 -1.000000  1.000000 )  
               b(2) = (  1.000000  1.000000  1.000000 )  
               b(3) = ( -1.000000  1.000000 -1.000000 )  


     PseudoPot. # 1 for Pb read from file:
     ~/Pb/pseudo/Pb.upf
     MD5 check sum: Not computed, couldn't open file
     Pseudo is Norm-conserving + core correction, Zval = 14.0
     Generated using ONCVPSP code by D. R. Hamann
     Using radial grid of 1678 points,  6 beta functions with: 
                l(1) =   0
                l(2) =   0
                l(3) =   1
                l(4) =   1
                l(5) =   2
                l(6) =   2

     atomic species   valence    mass     pseudopotential
     Pb               14.00   207.20000     Pb( 1.00)

     48 Sym. Ops., with inversion, found



   Cartesian axes

     site n.     atom                  positions (alat units)
         1        Pb     tau(   1) = (   0.0000000   0.0000000   0.0000000  )

     number of k points=   328  Marzari-Vanderbilt smearing, width (Ry)=  0.0500

     Number of k-points >= 100: set verbosity='high' to print them.

     Dense  grid:     4477 G-vectors     FFT dimensions: (  24,  24,  24)

     Estimated max dynamical RAM per process >       1.34 MB

     Estimated total dynamical RAM >      85.77 MB

     The potential is recalculated from file :
     ./tmp/_ph0/pb.q_4/pb.save/charge-density

     Starting wfcs are    9 atomic +    2 random wfcs

     Band Structure Calculation
     Davidson diagonalization with overlap

     ethr =  7.14E-11,  avg # of iterations = 16.1

     total cpu time spent up to now is        6.9 secs

     End of band structure calculation

     Number of k-points >= 100: set verbosity='high' to print the bands.

     the Fermi energy is    11.7835 ev

     Writing config to output data dir ./tmp/_ph0/pb.q_4/pb.save/ :
     XML data file

     default                                                                    

     bravais-lattice index     =            2
     lattice parameter (alat)  =       9.2970  a.u.
     unit-cell volume          =     200.8947 (a.u.)^3
     number of atoms/cell      =            1
     number of atomic types    =            1
     kinetic-energy cut-off    =      30.0000  Ry
     charge density cut-off    =     120.0000  Ry
     convergence threshold     =      1.0E-14
     beta                      =       0.7000
     number of iterations used =            4
     Exchange-correlation= PBE
                           (   1   4   3   4   0   0   0)


     celldm(1)=    9.29700  celldm(2)=    0.00000  celldm(3)=    0.00000
     celldm(4)=    0.00000  celldm(5)=    0.00000  celldm(6)=    0.00000

     crystal axes: (cart. coord. in units of alat)
               a(1) = ( -0.5000  0.0000  0.5000 )  
               a(2) = (  0.0000  0.5000  0.5000 )  
               a(3) = ( -0.5000  0.5000  0.0000 )  

     reciprocal axes: (cart. coord. in units 2 pi/alat)
               b(1) = ( -1.0000 -1.0000  1.0000 )  
               b(2) = (  1.0000  1.0000  1.0000 )  
               b(3) = ( -1.0000  1.0000 -1.0000 )  


     Atoms inside the unit cell: 

     Cartesian axes

     site n.  atom      mass           positions (alat units)
        1  Pb    207.2000   tau(    1) = (    0.00000    0.00000    0.00000  )

     Computing dynamical matrix for 
                    q = (   0.6666667  -0.0000000   0.6666667 )
 
      4 Sym.Ops. (no q -> -q+G )


     G cutoff =  262.7285  (    560 G-vectors)     FFT grid: ( 24, 24, 24)

     number of k points=   328  Marzari-Vanderbilt smearing, width (Ry)=  0.0500

     PseudoPot. # 1 for Pb read from file:
     ~/Pb/pseudo/Pb.upf
     MD5 check sum: Not computed, couldn't open file
     Pseudo is Norm-conserving + core correction, Zval = 14.0
     Generated using ONCVPSP code by D. R. Hamann
     Using radial grid of 1678 points,  6 beta functions with: 
                l(1) =   0
                l(2) =   0
                l(3) =   1
                l(4) =   1
                l(5) =   2
                l(6) =   2

     Mode symmetry, C_2v (mm2)  point group:


     Atomic displacements:
     There are    3 irreducible representations

     Representation     1      1 modes -  To be done

     Representation     2      1 modes -  To be done

     Representation     3      1 modes -  To be done



     Alpha used in Ewald sum =   1.2000
     PHONON       :     31.00s CPU     49.55s WALL



     Representation #   1 mode #   1

     Self-consistent Calculation

      iter #   1 total cpu time :    50.2 secs   av.it.:   8.5
      thresh= 1.000E-02 alpha_mix =  0.700 |ddv_scf|^2 =  1.035E-03

      iter #   2 total cpu time :    50.9 secs   av.it.:  10.1
      thresh= 3.218E-03 alpha_mix =  0.700 |ddv_scf|^2 =  1.800E-03

      iter #   3 total cpu time :    51.7 secs   av.it.:   9.0
      thresh= 4.242E-03 alpha_mix =  0.700 |ddv_scf|^2 =  5.082E-06

      iter #   4 total cpu time :    52.6 secs   av.it.:   9.7
      thresh= 2.254E-04 alpha_mix =  0.700 |ddv_scf|^2 =  3.833E-08

      iter #   5 total cpu time :    53.4 secs   av.it.:   9.7
      thresh= 1.958E-05 alpha_mix =  0.700 |ddv_scf|^2 =  7.605E-10

      iter #   6 total cpu time :    54.0 secs   av.it.:   9.6
      thresh= 2.758E-06 alpha_mix =  0.700 |ddv_scf|^2 =  9.202E-11

      iter #   7 total cpu time :    54.9 secs   av.it.:   9.7
      thresh= 9.593E-07 alpha_mix =  0.700 |ddv_scf|^2 =  3.160E-12

      iter #   8 total cpu time :    55.6 secs   av.it.:   9.6
      thresh= 1.778E-07 alpha_mix =  0.700 |ddv_scf|^2 =  5.279E-14

      iter #   9 total cpu time :    56.3 secs   av.it.:   9.9
      thresh= 2.298E-08 alpha_mix =  0.700 |ddv_scf|^2 =  1.213E-15

     End of self-consistent calculation

     Convergence has been achieved 


     Representation #   2 mode #   2

     Self-consistent Calculation

      iter #   1 total cpu time :    57.7 secs   av.it.:   8.1
      thresh= 1.000E-02 alpha_mix =  0.700 |ddv_scf|^2 =  1.503E-04

      iter #   2 total cpu time :    58.8 secs   av.it.:  10.3
      thresh= 1.226E-03 alpha_mix =  0.700 |ddv_scf|^2 =  5.966E-05

      iter #   3 total cpu time :    59.8 secs   av.it.:   9.8
      thresh= 7.724E-04 alpha_mix =  0.700 |ddv_scf|^2 =  8.808E-08

      iter #   4 total cpu time :    60.7 secs   av.it.:  10.0
      thresh= 2.968E-05 alpha_mix =  0.700 |ddv_scf|^2 =  1.500E-09

      iter #   5 total cpu time :    61.6 secs   av.it.:   9.6
      thresh= 3.873E-06 alpha_mix =  0.700 |ddv_scf|^2 =  1.490E-11

      iter #   6 total cpu time :    62.3 secs   av.it.:   9.8
      thresh= 3.861E-07 alpha_mix =  0.700 |ddv_scf|^2 =  2.626E-13

      iter #   7 total cpu time :    63.1 secs   av.it.:  10.0
      thresh= 5.125E-08 alpha_mix =  0.700 |ddv_scf|^2 =  5.370E-15

     End of self-consistent calculation

     Convergence has been achieved 


     Representation #   3 mode #   3

     Self-consistent Calculation

      iter #   1 total cpu time :    64.4 secs   av.it.:   8.4
      thresh= 1.000E-02 alpha_mix =  0.700 |ddv_scf|^2 =  6.129E-04

      iter #   2 total cpu time :    65.1 secs   av.it.:  10.2
      thresh= 2.476E-03 alpha_mix =  0.700 |ddv_scf|^2 =  6.377E-04

      iter #   3 total cpu time :    65.8 secs   av.it.:   9.3
      thresh= 2.525E-03 alpha_mix =  0.700 |ddv_scf|^2 =  5.999E-08

      iter #   4 total cpu time :    66.3 secs   av.it.:  10.4
      thresh= 2.449E-05 alpha_mix =  0.700 |ddv_scf|^2 =  5.757E-09

      iter #   5 total cpu time :    66.9 secs   av.it.:   9.4
      thresh= 7.587E-06 alpha_mix =  0.700 |ddv_scf|^2 =  4.117E-11

      iter #   6 total cpu time :    67.4 secs   av.it.:  10.0
      thresh= 6.416E-07 alpha_mix =  0.700 |ddv_scf|^2 =  1.253E-12

      iter #   7 total cpu time :    68.0 secs   av.it.:  10.0
      thresh= 1.120E-07 alpha_mix =  0.700 |ddv_scf|^2 =  1.036E-13

      iter #   8 total cpu time :    68.5 secs   av.it.:   9.6
      thresh= 3.218E-08 alpha_mix =  0.700 |ddv_scf|^2 =  4.629E-16

     End of self-consistent calculation

     Convergence has been achieved 
 
     Number of q in the star =   12
     List of q in the star:
          1   0.666666667   0.000000000   0.666666667
          2   0.666666667   0.000000000  -0.666666667
          3  -0.666666667   0.000000000  -0.666666667
          4  -0.666666667   0.000000000   0.666666667
          5   0.000000000  -0.666666667   0.666666667
          6  -0.666666667   0.666666667   0.000000000
          7  -0.666666667  -0.666666667   0.000000000
          8   0.666666667   0.666666667   0.000000000
          9   0.666666667  -0.666666667   0.000000000
         10   0.000000000   0.666666667   0.666666667
         11   0.000000000   0.666666667  -0.666666667
         12   0.000000000  -0.666666667  -0.666666667

     Diagonalizing the dynamical matrix

     q = (    0.666666667  -0.000000000   0.666666667 ) 

 **************************************************************************
     freq (    1) =       2.168819 [THz] =      72.344018 [cm-1]
     freq (    2) =       2.633779 [THz] =      87.853421 [cm-1]
     freq (    3) =       2.731385 [THz] =      91.109186 [cm-1]
 **************************************************************************

     Mode symmetry, C_2v (mm2)  point group:

     freq (   1-   1) =         72.3  [cm-1]   --> B_1  D_3  S_3      
     freq (   2-   2) =         87.9  [cm-1]   --> A_1  D_1  S_1      
     freq (   3-   3) =         91.1  [cm-1]   --> B_2  D_4  S_4      
 
     init_run     :      0.36s CPU      0.46s WALL (       3 calls)
     electrons    :      4.54s CPU      5.76s WALL (       3 calls)

     Called by init_run:
     wfcinit      :      0.00s CPU      0.01s WALL (       3 calls)
     potinit      :      0.08s CPU      0.14s WALL (       3 calls)
     hinit0       :      0.04s CPU      0.05s WALL (       3 calls)

     Called by electrons:
     c_bands      :      4.40s CPU      5.61s WALL (       3 calls)
     v_of_rho     :      0.02s CPU      0.04s WALL (       4 calls)

     Called by c_bands:
     init_us_2    :      0.03s CPU      0.03s WALL (    1505 calls)
     cegterg      :      1.80s CPU      2.09s WALL (     111 calls)

     Called by *egterg:
     cdiaghg      :      0.67s CPU      0.77s WALL (    1768 calls)
     h_psi        :      8.57s CPU     10.36s WALL (   16513 calls)
     g_psi        :      0.00s CPU      0.00s WALL (    1670 calls)

     Called by h_psi:
     h_psi:calbec :      0.45s CPU      0.49s WALL (   16513 calls)
     vloc_psi     :      7.87s CPU      9.59s WALL (   16513 calls)
                                        0.00s GPU  (   16513 calls)
     add_vuspsi   :      0.14s CPU      0.17s WALL (   16513 calls)

     General routines
     calbec       :      0.59s CPU      0.67s WALL (   17683 calls)
     fft          :      0.11s CPU      0.34s WALL (    1346 calls)
     ffts         :      0.03s CPU      0.06s WALL (     209 calls)
     fftw         :      9.20s CPU     11.54s WALL (  237530 calls)
     davcio       :      0.06s CPU      0.50s WALL (    7110 calls)
 
     Parallel routines
 
     PHONON       :     44.94s CPU   1m 9.65s WALL

     INITIALIZATION: 
     phq_setup    :      1.57s CPU      1.97s WALL (       4 calls)
     phq_init     :      0.70s CPU      1.04s WALL (       4 calls)
 
     phq_init     :      0.70s CPU      1.04s WALL (       4 calls)
     set_drhoc    :      0.00s CPU      0.00s WALL (      12 calls)
     init_vloc    :      0.05s CPU      0.05s WALL (       4 calls)
     init_us_1    :      0.00s CPU      0.00s WALL (       4 calls)
     init_us_2    :      0.03s CPU      0.03s WALL (    1505 calls)
 
     DYNAMICAL MATRIX:
     dynmat0      :      0.59s CPU      0.75s WALL (       4 calls)
     dynmat_us    :      0.10s CPU      0.11s WALL (       4 calls)
     d2ionq       :      0.02s CPU      0.03s WALL (       4 calls)
     dynmatcc     :      0.00s CPU      0.00s WALL (       4 calls)
     phqscf       :     35.74s CPU     53.33s WALL (       4 calls)
     dynmatrix    :      0.63s CPU      0.88s WALL (       4 calls)
 
     phqscf       :     35.74s CPU     53.33s WALL (       4 calls)
     solve_linter :     35.22s CPU     51.75s WALL (       8 calls)
     dfpt_kernel  :     34.87s CPU     51.30s WALL (       8 calls)
     sth_kernel   :     20.42s CPU     23.89s WALL (      68 calls)
     h_prec       :      0.29s CPU      0.32s WALL (    1051 calls)
     apply_dpot_b :      0.98s CPU      1.45s WALL (    1144 calls)
     ortho        :      0.07s CPU      0.07s WALL (    1303 calls)
     cgsolve      :      8.87s CPU     10.67s WALL (    1303 calls)
     incdrhoscf   :      0.75s CPU      0.95s WALL (    1303 calls)
                                        0.00s GPU  (    1303 calls)
     dv_of_drho   :      0.07s CPU      0.09s WALL (      96 calls)
     mix_pot      :      0.43s CPU      4.91s WALL (      68 calls)
     ef_shift     :      0.02s CPU      0.03s WALL (       7 calls)
     ef_shift_wfc :      0.00s CPU      0.00s WALL (       1 calls)
     localdos     :      0.00s CPU      0.00s WALL (       1 calls)
     drhodv       :      0.08s CPU      0.12s WALL (       8 calls)
     psymdvscf    :      1.20s CPU      1.36s WALL (      68 calls)
     com_dvloc    :      0.03s CPU      0.06s WALL (     183 calls)
                                        0.00s GPU  (     183 calls)
     addcore      :      0.00s CPU      0.00s WALL (      60 calls)
                                        0.00s GPU  (      60 calls)
 
     dvqpsi_us    :      0.21s CPU      0.27s WALL (     159 calls)
                                        0.00s GPU  (     159 calls)
     dvqpsi_us_on :      0.02s CPU      0.03s WALL (     159 calls)
 
     add_vuspsi   :      0.14s CPU      0.17s WALL (   16513 calls)
 
 
      General routines
     calbec       :      0.59s CPU      0.67s WALL (   17683 calls)
     fft          :      0.11s CPU      0.34s WALL (    1346 calls)
     ffts         :      0.03s CPU      0.06s WALL (     209 calls)
     fftw         :      9.20s CPU     11.54s WALL (  237530 calls)
     davcio       :      0.06s CPU      0.50s WALL (    7110 calls)
     write_rec    :      6.25s CPU     14.39s WALL (      76 calls)
 
      Additional routines
     ch_psi       :      8.26s CPU      9.93s WALL (   14634 calls)
     last         :      0.61s CPU      0.69s WALL (   14634 calls)
     Hesh         :      0.02s CPU      0.02s WALL (   14634 calls)
     ch_psi_all_k :      0.55s CPU      0.62s WALL (   14634 calls)
                                        0.00s GPU  (   14634 calls)
     h_psi_bgrp   :      8.60s CPU     10.39s WALL (   16513 calls)
     h_psi        :      8.57s CPU     10.36s WALL (   16513 calls)
     h_psi:pot    :      8.53s CPU     10.32s WALL (   16513 calls)
     h_psi:calbec :      0.45s CPU      0.49s WALL (   16513 calls)
     s_psi_bgrp   :      0.04s CPU      0.04s WALL (   30571 calls)
 
 
     PHONON       :     44.94s CPU   1m 9.65s WALL

 
   This run was terminated on:  18:56:39   4Sep2026            

=------------------------------------------------------------------------------=
   JOB DONE.
=------------------------------------------------------------------------------=
