
     Program Q2R v.7.5 starts on  4Sep2026 at 18:56:43 

     This program is part of the open-source Quantum ESPRESSO suite
     for quantum simulation of materials; please cite
         "P. Giannozzi et al., J. Phys.:Condens. Matter 21 395502 (2009);
         "P. Giannozzi et al., J. Phys.:Condens. Matter 29 465901 (2017);
         "P. Giannozzi et al., J. Chem. Phys. 152 154105 (2020);
          URL http://www.quantum-espresso.org", 
     in publications or presentations arising from this work. More details at
     http://www.quantum-espresso.org/quote

     Parallel version (MPI), running on    64 processors

     MPI processes distributed on     1 nodes
     R & G space division:  proc/nbgrp/npool/nimage =      64
     182793 MiB available memory on the printing compute node when the environment starts
 

  reading grid info from file pb.dyn0    

  reading force constants from file pb.dyn1
  Dielectric Tensor not found
  nqs=            1
 q=   0.00000000  0.00000000  0.00000000
  reading force constants from file pb.dyn2
  nqs=            8
 q=  -0.33333333  0.33333333 -0.33333333
 q=   0.33333333  0.33333333 -0.33333333
 q=   0.33333333  0.33333333  0.33333333
 q=  -0.33333333  0.33333333  0.33333333
 q=   0.33333333 -0.33333333  0.33333333
 q=  -0.33333333 -0.33333333 -0.33333333
 q=   0.33333333 -0.33333333 -0.33333333
 q=  -0.33333333 -0.33333333  0.33333333
  reading force constants from file pb.dyn3
  nqs=            6
 q=   0.00000000  0.66666667  0.00000000
 q=  -0.66666667  0.00000000  0.00000000
 q=   0.00000000 -0.66666667  0.00000000
 q=   0.00000000  0.00000000  0.66666667
 q=   0.00000000  0.00000000 -0.66666667
 q=   0.66666667  0.00000000  0.00000000
  reading force constants from file pb.dyn4
  nqs=           12
 q=   0.66666667  0.00000000  0.66666667
 q=   0.66666667  0.00000000 -0.66666667
 q=  -0.66666667  0.00000000 -0.66666667
 q=  -0.66666667  0.00000000  0.66666667
 q=   0.00000000 -0.66666667  0.66666667
 q=  -0.66666667  0.66666667  0.00000000
 q=  -0.66666667 -0.66666667  0.00000000
 q=   0.66666667  0.66666667  0.00000000
 q=   0.66666667 -0.66666667  0.00000000
 q=   0.00000000  0.66666667  0.66666667
 q=   0.00000000  0.66666667 -0.66666667
 q=   0.00000000 -0.66666667 -0.66666667

      q-space grid ok, #points =   27

      fft-check success (sum of imaginary terms < 10^-12)
 
     Q2R          :      0.00s CPU      0.21s WALL

 
   This run was terminated on:  18:56:43   4Sep2026            

=------------------------------------------------------------------------------=
   JOB DONE.
=------------------------------------------------------------------------------=
